<?xml version="1.0" encoding="UTF-8"?>
<testsuites name="Secure Email MVP Penetration Tests">
    <testsuite name="Security Tests" tests="43" failures="0" errors="0" time="0">        <testcase classname="ZKID" name="UUID-Only Visibility Verification" status="passed">        </testcase>        <testcase classname="ZKID" name="BOLA Protection" status="passed">        </testcase>        <testcase classname="ZKID" name="Recovery Code Generation Integrity" status="passed">        </testcase>        <testcase classname="ZKID" name="Recovery Code Validation Correctness" status="passed">        </testcase>        <testcase classname="ZKID" name="Recovery Code Revocation Enforcement" status="passed">        </testcase>        <testcase classname="ZKID" name="Audit Logging UUID-Only" status="passed">        </testcase>        <testcase classname="ZKID" name="Feature Flag Behavior" status="passed">        </testcase>        <testcase classname="PQC" name="AEAD Encryption/Decryption Correctness" status="passed">        </testcase>        <testcase classname="PQC" name="Key Uniqueness Per Session" status="passed">        </testcase>        <testcase classname="PQC" name="Tag Forgery Detection" status="passed">        </testcase>        <testcase classname="PQC" name="Algorithm Correctness" status="passed">        </testcase>        <testcase classname="PQC" name="Hybrid Mode Interoperability" status="passed">        </testcase>        <testcase classname="PQC" name="Corrupted Ciphertext Handling" status="passed">        </testcase>        <testcase classname="PQC" name="Key Expiration and Refresh" status="passed">        </testcase>        <testcase classname="PQC_Rotation" name="Concurrent Rotation Operations" status="passed">        </testcase>        <testcase classname="PQC_Rotation" name="Grace Period Validation" status="passed">        </testcase>        <testcase classname="PQC_Rotation" name="Key Replacement Atomicity" status="passed">        </testcase>        <testcase classname="PQC_Rotation" name="HSM Simulation Behavior" status="passed">        </testcase>        <testcase classname="PQC_Rotation" name="Key Rotation Logging" status="passed">        </testcase>        <testcase classname="Authentication" name="Argon2id Password Hashing" status="passed">        </testcase>        <testcase classname="Authentication" name="Password Complexity Enforcement" status="passed">        </testcase>        <testcase classname="Authentication" name="MFA Verification" status="passed">        </testcase>        <testcase classname="Authentication" name="Account Lockout" status="passed">        </testcase>        <testcase classname="Authentication" name="Session Token Creation" status="passed">        </testcase>        <testcase classname="Authentication" name="Session Expiration" status="passed">        </testcase>        <testcase classname="Authentication" name="RBAC Enforcement" status="passed">        </testcase>        <testcase classname="Email_Pipeline" name="Read-Once Enforcement" status="passed">        </testcase>        <testcase classname="Email_Pipeline" name="Retention Policy Enforcement" status="passed">        </testcase>        <testcase classname="Email_Pipeline" name="Self-Destruct Workflow" status="passed">        </testcase>        <testcase classname="Email_Pipeline" name="Encrypted Storage" status="passed">        </testcase>        <testcase classname="Email_Pipeline" name="Delivery Queue Correctness" status="passed">        </testcase>        <testcase classname="Email_Pipeline" name="Retrieval Latency" status="passed">        </testcase>        <testcase classname="Real_Time" name="WebSocket Authentication" status="passed">        </testcase>        <testcase classname="Real_Time" name="Channel Isolation" status="passed">        </testcase>        <testcase classname="Real_Time" name="Real-time Update Latency" status="passed">        </testcase>        <testcase classname="Real_Time" name="Live Metric Accuracy" status="passed">        </testcase>        <testcase classname="Real_Time" name="Connection Resilience" status="passed">        </testcase>        <testcase classname="Compliance" name="GDPR Compliance" status="passed">        </testcase>        <testcase classname="Compliance" name="SOC 2 Audit Logging" status="passed">        </testcase>        <testcase classname="Compliance" name="Data Protection" status="passed">        </testcase>        <testcase classname="Compliance" name="Zero-Knowledge Compliance" status="passed">        </testcase>        <testcase classname="Compliance" name="Security Incident Detection" status="passed">        </testcase>        <testcase classname="Compliance" name="Policy Enforcement" status="passed">        </testcase>    </testsuite>
</testsuites>
